// Jest Snapshot v1, https://goo.gl/fbAQLP

exports[`matches snapshot 1`] = `
<DocumentFragment>
  <li
    class="ToDo"
  >
    <button
      class="ToDo-button"
    >
      X
    </button>
    <p
      class="ToDo-text"
    />
  </li>
</DocumentFragment>
`;
